2026-07-05 02:44:45,207 - aqt.main - INFO - installer 140208235268992 aqtinstall(aqt) v3.3.0 on Python 3.12.13 [CPython GCC 13.3.0]
2026-07-05 02:44:45,482 - aqt.main - INFO - installer 139953441954688 aqtinstall(aqt) v3.3.0 on Python 3.12.13 [CPython GCC 13.3.0]
2026-07-05 02:44:45,482 - aqt.helper - DEBUG - helper 139953441954688 Attempt to download checksum at https://download.qt.io/online/qtsdkrepository/linux_x64/desktop/qt6_6111/qt6_6111/Updates.xml.sha256
2026-07-05 02:44:46,501 - aqt.helper - DEBUG - helper 139953441954688 Attempt to download checksum at https://download.qt.io/online/qtsdkrepository/linux_x64/extensions/qtwebengine/6111/x86_64/Updates.xml.sha256
2026-07-05 02:44:47,539 - aqt.archives - INFO - archives 139953441954688 Found extension qtwebengine
2026-07-05 02:44:47,539 - aqt.helper - DEBUG - helper 139953441954688 Attempt to download checksum at https://download.qt.io/online/qtsdkrepository/linux_x64/extensions/qtpdf/6111/x86_64/Updates.xml.sha256
2026-07-05 02:44:48,597 - aqt.archives - INFO - archives 139953441954688 Found extension qtpdf
2026-07-05 02:44:49,093 - aqt.helper - DEBUG - helper 139935804390272 Attempt to download checksum at https://download.qt.io/online/qtsdkrepository/linux_x64/desktop/qt6_6111/qt6_6111/qt.qt6.6111.linux_gcc_64/6.11.1-0-202605090529qtbase-Linux-RHEL_9_6-GCC-Linux-RHEL_9_6-X86_64.7z.sha256
2026-07-05 02:44:49,095 - aqt.helper - DEBUG - helper 140431951530880 Attempt to download checksum at https://download.qt.io/online/qtsdkrepository/linux_x64/desktop/qt6_6111/qt6_6111/qt.qt6.6111.linux_gcc_64/6.11.1-0-202605090529qtsvg-Linux-RHEL_9_6-GCC-Linux-RHEL_9_6-X86_64.7z.sha256
2026-07-05 02:44:49,112 - aqt.helper - DEBUG - helper 140632063863680 Attempt to download checksum at https://download.qt.io/online/qtsdkrepository/linux_x64/desktop/qt6_6111/qt6_6111/qt.qt6.6111.linux_gcc_64/6.11.1-0-202605090529qtdeclarative-Linux-RHEL_9_6-GCC-Linux-RHEL_9_6-X86_64.7z.sha256
2026-07-05 02:44:49,126 - aqt.helper - DEBUG - helper 140086305020800 Attempt to download checksum at https://download.qt.io/online/qtsdkrepository/linux_x64/desktop/qt6_6111/qt6_6111/qt.qt6.6111.linux_gcc_64/6.11.1-0-202605090529qtdoc-Linux-RHEL_9_6-GCC-Linux-RHEL_9_6-X86_64.7z.sha256
2026-07-05 02:44:49,552 - aqt.helper - INFO - helper 139935804390272 Downloading qtbase...
2026-07-05 02:44:49,553 - aqt.helper - INFO - helper 140431951530880 Downloading qtsvg...
2026-07-05 02:44:49,552 - aqt.installer - DEBUG - installer 139935804390272 Download URL: https://download.qt.io/online/qtsdkrepository/linux_x64/desktop/qt6_6111/qt6_6111/qt.qt6.6111.linux_gcc_64/6.11.1-0-202605090529qtbase-Linux-RHEL_9_6-GCC-Linux-RHEL_9_6-X86_64.7z
2026-07-05 02:44:49,553 - aqt.installer - DEBUG - installer 140431951530880 Download URL: https://download.qt.io/online/qtsdkrepository/linux_x64/desktop/qt6_6111/qt6_6111/qt.qt6.6111.linux_gcc_64/6.11.1-0-202605090529qtsvg-Linux-RHEL_9_6-GCC-Linux-RHEL_9_6-X86_64.7z
2026-07-05 02:44:49,591 - aqt.helper - INFO - helper 140632063863680 Downloading qtdeclarative...
2026-07-05 02:44:49,592 - aqt.installer - DEBUG - installer 140632063863680 Download URL: https://download.qt.io/online/qtsdkrepository/linux_x64/desktop/qt6_6111/qt6_6111/qt.qt6.6111.linux_gcc_64/6.11.1-0-202605090529qtdeclarative-Linux-RHEL_9_6-GCC-Linux-RHEL_9_6-X86_64.7z
2026-07-05 02:44:49,667 - aqt.helper - INFO - helper 140086305020800 Downloading qtdoc...
2026-07-05 02:44:49,667 - aqt.installer - DEBUG - installer 140086305020800 Download URL: https://download.qt.io/online/qtsdkrepository/linux_x64/desktop/qt6_6111/qt6_6111/qt.qt6.6111.linux_gcc_64/6.11.1-0-202605090529qtdoc-Linux-RHEL_9_6-GCC-Linux-RHEL_9_6-X86_64.7z
2026-07-05 02:44:50,022 - aqt.helper - DEBUG - helper 139935804390272 Asked to redirect(302) to: https://qt.mirror.constant.com/online/qtsdkrepository/linux_x64/desktop/qt6_6111/qt6_6111/qt.qt6.6111.linux_gcc_64/6.11.1-0-202605090529qtbase-Linux-RHEL_9_6-GCC-Linux-RHEL_9_6-X86_64.7z
2026-07-05 02:44:50,022 - aqt.helper - INFO - helper 139935804390272 Redirected: qt.mirror.constant.com
2026-07-05 02:44:50,032 - aqt.helper - DEBUG - helper 140632063863680 Asked to redirect(302) to: https://qt.mirror.constant.com/online/qtsdkrepository/linux_x64/desktop/qt6_6111/qt6_6111/qt.qt6.6111.linux_gcc_64/6.11.1-0-202605090529qtdeclarative-Linux-RHEL_9_6-GCC-Linux-RHEL_9_6-X86_64.7z
2026-07-05 02:44:50,032 - aqt.helper - INFO - helper 140632063863680 Redirected: qt.mirror.constant.com
2026-07-05 02:44:50,072 - aqt.helper - DEBUG - helper 140431951530880 Asked to redirect(302) to: https://qt.mirror.constant.com/online/qtsdkrepository/linux_x64/desktop/qt6_6111/qt6_6111/qt.qt6.6111.linux_gcc_64/6.11.1-0-202605090529qtsvg-Linux-RHEL_9_6-GCC-Linux-RHEL_9_6-X86_64.7z
2026-07-05 02:44:50,072 - aqt.helper - INFO - helper 140431951530880 Redirected: qt.mirror.constant.com
2026-07-05 02:44:50,159 - aqt.helper - DEBUG - helper 140086305020800 Asked to redirect(302) to: https://qt.mirror.constant.com/online/qtsdkrepository/linux_x64/desktop/qt6_6111/qt6_6111/qt.qt6.6111.linux_gcc_64/6.11.1-0-202605090529qtdoc-Linux-RHEL_9_6-GCC-Linux-RHEL_9_6-X86_64.7z
2026-07-05 02:44:50,160 - aqt.helper - INFO - helper 140086305020800 Redirected: qt.mirror.constant.com
2026-07-05 02:44:50,285 - aqt.installer - INFO - installer 140431951530880 Finished installation of qtsvg-Linux-RHEL_9_6-GCC-Linux-RHEL_9_6-X86_64.7z in 1.19222595
2026-07-05 02:44:50,304 - aqt.helper - DEBUG - helper 140431951530880 Attempt to download checksum at https://download.qt.io/online/qtsdkrepository/linux_x64/desktop/qt6_6111/qt6_6111/qt.qt6.6111.linux_gcc_64/6.11.1-0-202605090529qttools-Linux-RHEL_9_6-GCC-Linux-RHEL_9_6-X86_64.7z.sha256
2026-07-05 02:44:50,526 - aqt.installer - INFO - installer 140086305020800 Finished installation of qtdoc-Linux-RHEL_9_6-GCC-Linux-RHEL_9_6-X86_64.7z in 1.40136644
2026-07-05 02:44:50,542 - aqt.helper - DEBUG - helper 140086305020800 Attempt to download checksum at https://download.qt.io/online/qtsdkrepository/linux_x64/desktop/qt6_6111/qt6_6111/qt.qt6.6111.linux_gcc_64/6.11.1-0-202605090529qttranslations-Linux-RHEL_9_6-GCC-Linux-RHEL_9_6-X86_64.7z.sha256
2026-07-05 02:44:50,757 - aqt.helper - INFO - helper 140431951530880 Downloading qttools...
2026-07-05 02:44:50,758 - aqt.installer - DEBUG - installer 140431951530880 Download URL: https://download.qt.io/online/qtsdkrepository/linux_x64/desktop/qt6_6111/qt6_6111/qt.qt6.6111.linux_gcc_64/6.11.1-0-202605090529qttools-Linux-RHEL_9_6-GCC-Linux-RHEL_9_6-X86_64.7z
2026-07-05 02:44:51,015 - aqt.helper - INFO - helper 140086305020800 Downloading qttranslations...
2026-07-05 02:44:51,015 - aqt.installer - DEBUG - installer 140086305020800 Download URL: https://download.qt.io/online/qtsdkrepository/linux_x64/desktop/qt6_6111/qt6_6111/qt.qt6.6111.linux_gcc_64/6.11.1-0-202605090529qttranslations-Linux-RHEL_9_6-GCC-Linux-RHEL_9_6-X86_64.7z
2026-07-05 02:44:51,228 - aqt.helper - DEBUG - helper 140431951530880 Asked to redirect(302) to: https://qt.mirror.constant.com/online/qtsdkrepository/linux_x64/desktop/qt6_6111/qt6_6111/qt.qt6.6111.linux_gcc_64/6.11.1-0-202605090529qttools-Linux-RHEL_9_6-GCC-Linux-RHEL_9_6-X86_64.7z
2026-07-05 02:44:51,229 - aqt.helper - INFO - helper 140431951530880 Redirected: qt.mirror.constant.com
2026-07-05 02:44:51,542 - aqt.helper - DEBUG - helper 140086305020800 Asked to redirect(302) to: https://qt.mirror.constant.com/online/qtsdkrepository/linux_x64/desktop/qt6_6111/qt6_6111/qt.qt6.6111.linux_gcc_64/6.11.1-0-202605090529qttranslations-Linux-RHEL_9_6-GCC-Linux-RHEL_9_6-X86_64.7z
2026-07-05 02:44:51,542 - aqt.helper - INFO - helper 140086305020800 Redirected: qt.mirror.constant.com
2026-07-05 02:44:52,046 - aqt.installer - INFO - installer 140086305020800 Finished installation of qttranslations-Linux-RHEL_9_6-GCC-Linux-RHEL_9_6-X86_64.7z in 1.50502042
2026-07-05 02:44:52,066 - aqt.helper - DEBUG - helper 140086305020800 Attempt to download checksum at https://download.qt.io/online/qtsdkrepository/linux_x64/desktop/qt6_6111/qt6_6111/qt.qt6.6111.linux_gcc_64/6.11.1-0-202605090529qtwayland-Linux-RHEL_9_6-GCC-Linux-RHEL_9_6-X86_64.7z.sha256
2026-07-05 02:44:52,660 - aqt.helper - INFO - helper 140086305020800 Downloading qtwayland...
2026-07-05 02:44:52,661 - aqt.installer - DEBUG - installer 140086305020800 Download URL: https://download.qt.io/online/qtsdkrepository/linux_x64/desktop/qt6_6111/qt6_6111/qt.qt6.6111.linux_gcc_64/6.11.1-0-202605090529qtwayland-Linux-RHEL_9_6-GCC-Linux-RHEL_9_6-X86_64.7z
2026-07-05 02:44:53,129 - aqt.helper - DEBUG - helper 140086305020800 Asked to redirect(302) to: https://qt.mirror.constant.com/online/qtsdkrepository/linux_x64/desktop/qt6_6111/qt6_6111/qt.qt6.6111.linux_gcc_64/6.11.1-0-202605090529qtwayland-Linux-RHEL_9_6-GCC-Linux-RHEL_9_6-X86_64.7z
2026-07-05 02:44:53,129 - aqt.helper - INFO - helper 140086305020800 Redirected: qt.mirror.constant.com
2026-07-05 02:44:53,317 - aqt.installer - INFO - installer 140086305020800 Finished installation of qtwayland-Linux-RHEL_9_6-GCC-Linux-RHEL_9_6-X86_64.7z in 1.25276925
2026-07-05 02:44:53,352 - aqt.helper - DEBUG - helper 140086305020800 Attempt to download checksum at https://download.qt.io/online/qtsdkrepository/linux_x64/desktop/qt6_6111/qt6_6111/qt.qt6.6111.linux_gcc_64/6.11.1-0-202605090529icu-linux-Rhel8.6-x86_64.7z.sha256
2026-07-05 02:44:53,826 - aqt.helper - INFO - helper 140086305020800 Downloading icu...
2026-07-05 02:44:53,827 - aqt.installer - DEBUG - installer 140086305020800 Download URL: https://download.qt.io/online/qtsdkrepository/linux_x64/desktop/qt6_6111/qt6_6111/qt.qt6.6111.linux_gcc_64/6.11.1-0-202605090529icu-linux-Rhel8.6-x86_64.7z
2026-07-05 02:44:54,151 - aqt.installer - INFO - installer 139935804390272 Finished installation of qtbase-Linux-RHEL_9_6-GCC-Linux-RHEL_9_6-X86_64.7z in 5.06054149
2026-07-05 02:44:54,242 - aqt.installer - INFO - installer 140431951530880 Finished installation of qttools-Linux-RHEL_9_6-GCC-Linux-RHEL_9_6-X86_64.7z in 3.94004445
2026-07-05 02:44:54,423 - aqt.helper - DEBUG - helper 140086305020800 Asked to redirect(302) to: https://qt.mirror.constant.com/online/qtsdkrepository/linux_x64/desktop/qt6_6111/qt6_6111/qt.qt6.6111.linux_gcc_64/6.11.1-0-202605090529icu-linux-Rhel8.6-x86_64.7z
2026-07-05 02:44:54,424 - aqt.helper - INFO - helper 140086305020800 Redirected: qt.mirror.constant.com
2026-07-05 02:44:55,307 - aqt.installer - INFO - installer 140086305020800 Finished installation of icu-linux-Rhel8.6-x86_64.7z in 1.95727404
2026-07-05 02:45:01,835 - aqt.installer - INFO - installer 140632063863680 Finished installation of qtdeclarative-Linux-RHEL_9_6-GCC-Linux-RHEL_9_6-X86_64.7z in 12.72559685
2026-07-05 02:45:01,949 - aqt.updater - INFO - updater 139953441954688 Patching /home/runner/work/myMCpp/Qt/6.11.1/gcc_64/bin/qmake
2026-07-05 02:45:01,953 - aqt.updater - INFO - updater 139953441954688 Patching /home/runner/work/myMCpp/Qt/6.11.1/gcc_64/lib/pkgconfig/Qt6UiPlugin.pc
2026-07-05 02:45:01,954 - aqt.updater - INFO - updater 139953441954688 Patching /home/runner/work/myMCpp/Qt/6.11.1/gcc_64/lib/pkgconfig/Qt6LabsFolderListModel.pc
2026-07-05 02:45:01,954 - aqt.updater - INFO - updater 139953441954688 Patching /home/runner/work/myMCpp/Qt/6.11.1/gcc_64/lib/pkgconfig/Qt6QuickShapes.pc
2026-07-05 02:45:01,954 - aqt.updater - INFO - updater 139953441954688 Patching /home/runner/work/myMCpp/Qt/6.11.1/gcc_64/lib/pkgconfig/Qt6QmlMeta.pc
2026-07-05 02:45:01,954 - aqt.updater - INFO - updater 139953441954688 Patching /home/runner/work/myMCpp/Qt/6.11.1/gcc_64/lib/pkgconfig/Qt6Network.pc
2026-07-05 02:45:01,955 - aqt.updater - INFO - updater 139953441954688 Patching /home/runner/work/myMCpp/Qt/6.11.1/gcc_64/lib/pkgconfig/Qt6LabsQmlModels.pc
2026-07-05 02:45:01,955 - aqt.updater - INFO - updater 139953441954688 Patching /home/runner/work/myMCpp/Qt/6.11.1/gcc_64/lib/pkgconfig/Qt6QmlXmlListModel.pc
2026-07-05 02:45:01,955 - aqt.updater - INFO - updater 139953441954688 Patching /home/runner/work/myMCpp/Qt/6.11.1/gcc_64/lib/pkgconfig/Qt6QuickControls2Universal.pc
2026-07-05 02:45:01,955 - aqt.updater - INFO - updater 139953441954688 Patching /home/runner/work/myMCpp/Qt/6.11.1/gcc_64/lib/pkgconfig/Qt6QmlCore.pc
2026-07-05 02:45:01,956 - aqt.updater - INFO - updater 139953441954688 Patching /home/runner/work/myMCpp/Qt/6.11.1/gcc_64/lib/pkgconfig/Qt6Linguist.pc
2026-07-05 02:45:01,956 - aqt.updater - INFO - updater 139953441954688 Patching /home/runner/work/myMCpp/Qt/6.11.1/gcc_64/lib/pkgconfig/Qt6QuickControls2FluentWinUI3StyleImpl.pc
2026-07-05 02:45:01,956 - aqt.updater - INFO - updater 139953441954688 Patching /home/runner/work/myMCpp/Qt/6.11.1/gcc_64/lib/pkgconfig/Qt6Platform.pc
2026-07-05 02:45:01,956 - aqt.updater - INFO - updater 139953441954688 Patching /home/runner/work/myMCpp/Qt/6.11.1/gcc_64/lib/pkgconfig/Qt6QuickControls2ImagineStyleImpl.pc
2026-07-05 02:45:01,957 - aqt.updater - INFO - updater 139953441954688 Patching /home/runner/work/myMCpp/Qt/6.11.1/gcc_64/lib/pkgconfig/Qt6QuickControls2MaterialStyleImpl.pc
2026-07-05 02:45:01,957 - aqt.updater - INFO - updater 139953441954688 Patching /home/runner/work/myMCpp/Qt/6.11.1/gcc_64/lib/pkgconfig/Qt6LabsAnimation.pc
2026-07-05 02:45:01,957 - aqt.updater - INFO - updater 139953441954688 Patching /home/runner/work/myMCpp/Qt/6.11.1/gcc_64/lib/pkgconfig/Qt6QmlModels.pc
2026-07-05 02:45:01,957 - aqt.updater - INFO - updater 139953441954688 Patching /home/runner/work/myMCpp/Qt/6.11.1/gcc_64/lib/pkgconfig/Qt6QmlWorkerScript.pc
2026-07-05 02:45:01,957 - aqt.updater - INFO - updater 139953441954688 Patching /home/runner/work/myMCpp/Qt/6.11.1/gcc_64/lib/pkgconfig/Qt6Test.pc
2026-07-05 02:45:01,958 - aqt.updater - INFO - updater 139953441954688 Patching /home/runner/work/myMCpp/Qt/6.11.1/gcc_64/lib/pkgconfig/Qt6Sql.pc
2026-07-05 02:45:01,958 - aqt.updater - INFO - updater 139953441954688 Patching /home/runner/work/myMCpp/Qt/6.11.1/gcc_64/lib/pkgconfig/Qt6QuickDialogs2.pc
2026-07-05 02:45:01,958 - aqt.updater - INFO - updater 139953441954688 Patching /home/runner/work/myMCpp/Qt/6.11.1/gcc_64/lib/pkgconfig/Qt6QuickControls2Fusion.pc
2026-07-05 02:45:01,958 - aqt.updater - INFO - updater 139953441954688 Patching /home/runner/work/myMCpp/Qt/6.11.1/gcc_64/lib/pkgconfig/Qt6QuickTest.pc
2026-07-05 02:45:01,959 - aqt.updater - INFO - updater 139953441954688 Patching /home/runner/work/myMCpp/Qt/6.11.1/gcc_64/lib/pkgconfig/Qt6Concurrent.pc
2026-07-05 02:45:01,959 - aqt.updater - INFO - updater 139953441954688 Patching /home/runner/work/myMCpp/Qt/6.11.1/gcc_64/lib/pkgconfig/Qt6DBus.pc
2026-07-05 02:45:01,959 - aqt.updater - INFO - updater 139953441954688 Patching /home/runner/work/myMCpp/Qt/6.11.1/gcc_64/lib/pkgconfig/Qt6QuickWidgets.pc
2026-07-05 02:45:01,959 - aqt.updater - INFO - updater 139953441954688 Patching /home/runner/work/myMCpp/Qt/6.11.1/gcc_64/lib/pkgconfig/Qt6LabsStyleKitImpl.pc
2026-07-05 02:45:01,959 - aqt.updater - INFO - updater 139953441954688 Patching /home/runner/work/myMCpp/Qt/6.11.1/gcc_64/lib/pkgconfig/Qt6Designer.pc
2026-07-05 02:45:01,960 - aqt.updater - INFO - updater 139953441954688 Patching /home/runner/work/myMCpp/Qt/6.11.1/gcc_64/lib/pkgconfig/Qt6QuickControls2Basic.pc
2026-07-05 02:45:01,960 - aqt.updater - INFO - updater 139953441954688 Patching /home/runner/work/myMCpp/Qt/6.11.1/gcc_64/lib/pkgconfig/Qt6PrintSupport.pc
2026-07-05 02:45:01,960 - aqt.updater - INFO - updater 139953441954688 Patching /home/runner/work/myMCpp/Qt/6.11.1/gcc_64/lib/pkgconfig/Qt6QuickEffects.pc
2026-07-05 02:45:01,960 - aqt.updater - INFO - updater 139953441954688 Patching /home/runner/work/myMCpp/Qt/6.11.1/gcc_64/lib/pkgconfig/Qt6Gui.pc
2026-07-05 02:45:01,960 - aqt.updater - INFO - updater 139953441954688 Patching /home/runner/work/myMCpp/Qt/6.11.1/gcc_64/lib/pkgconfig/Qt6Xml.pc
2026-07-05 02:45:01,961 - aqt.updater - INFO - updater 139953441954688 Patching /home/runner/work/myMCpp/Qt/6.11.1/gcc_64/lib/pkgconfig/Qt6QmlNetwork.pc
2026-07-05 02:45:01,961 - aqt.updater - INFO - updater 139953441954688 Patching /home/runner/work/myMCpp/Qt/6.11.1/gcc_64/lib/pkgconfig/Qt6SvgWidgets.pc
2026-07-05 02:45:01,961 - aqt.updater - INFO - updater 139953441954688 Patching /home/runner/work/myMCpp/Qt/6.11.1/gcc_64/lib/pkgconfig/Qt6Core.pc
2026-07-05 02:45:01,961 - aqt.updater - INFO - updater 139953441954688 Patching /home/runner/work/myMCpp/Qt/6.11.1/gcc_64/lib/pkgconfig/Qt6QuickControls2.pc
2026-07-05 02:45:01,962 - aqt.updater - INFO - updater 139953441954688 Patching /home/runner/work/myMCpp/Qt/6.11.1/gcc_64/lib/pkgconfig/Qt6QuickControls2BasicStyleImpl.pc
2026-07-05 02:45:01,962 - aqt.updater - INFO - updater 139953441954688 Patching /home/runner/work/myMCpp/Qt/6.11.1/gcc_64/lib/pkgconfig/Qt6QuickVectorImage.pc
2026-07-05 02:45:01,962 - aqt.updater - INFO - updater 139953441954688 Patching /home/runner/work/myMCpp/Qt/6.11.1/gcc_64/lib/pkgconfig/Qt6QuickControls2FusionStyleImpl.pc
2026-07-05 02:45:01,962 - aqt.updater - INFO - updater 139953441954688 Patching /home/runner/work/myMCpp/Qt/6.11.1/gcc_64/lib/pkgconfig/Qt6QuickLayouts.pc
2026-07-05 02:45:01,962 - aqt.updater - INFO - updater 139953441954688 Patching /home/runner/work/myMCpp/Qt/6.11.1/gcc_64/lib/pkgconfig/Qt6QuickVectorImageHelpers.pc
2026-07-05 02:45:01,963 - aqt.updater - INFO - updater 139953441954688 Patching /home/runner/work/myMCpp/Qt/6.11.1/gcc_64/lib/pkgconfig/Qt6QmlCompiler.pc
2026-07-05 02:45:01,963 - aqt.updater - INFO - updater 139953441954688 Patching /home/runner/work/myMCpp/Qt/6.11.1/gcc_64/lib/pkgconfig/Qt6QuickControls2Impl.pc
2026-07-05 02:45:01,963 - aqt.updater - INFO - updater 139953441954688 Patching /home/runner/work/myMCpp/Qt/6.11.1/gcc_64/lib/pkgconfig/Qt6OpenGLWidgets.pc
2026-07-05 02:45:01,963 - aqt.updater - INFO - updater 139953441954688 Patching /home/runner/work/myMCpp/Qt/6.11.1/gcc_64/lib/pkgconfig/Qt6QuickControls2Imagine.pc
2026-07-05 02:45:01,964 - aqt.updater - INFO - updater 139953441954688 Patching /home/runner/work/myMCpp/Qt/6.11.1/gcc_64/lib/pkgconfig/Qt6QuickDialogs2QuickImpl.pc
2026-07-05 02:45:01,964 - aqt.updater - INFO - updater 139953441954688 Patching /home/runner/work/myMCpp/Qt/6.11.1/gcc_64/lib/pkgconfig/Qt6QmlIntegration.pc
2026-07-05 02:45:01,964 - aqt.updater - INFO - updater 139953441954688 Patching /home/runner/work/myMCpp/Qt/6.11.1/gcc_64/lib/pkgconfig/Qt6LabsSettings.pc
2026-07-05 02:45:01,964 - aqt.updater - INFO - updater 139953441954688 Patching /home/runner/work/myMCpp/Qt/6.11.1/gcc_64/lib/pkgconfig/Qt6WaylandClient.pc
2026-07-05 02:45:01,964 - aqt.updater - INFO - updater 139953441954688 Patching /home/runner/work/myMCpp/Qt/6.11.1/gcc_64/lib/pkgconfig/Qt6QuickControls2UniversalStyleImpl.pc
2026-07-05 02:45:01,965 - aqt.updater - INFO - updater 139953441954688 Patching /home/runner/work/myMCpp/Qt/6.11.1/gcc_64/lib/pkgconfig/Qt6LabsWavefrontMesh.pc
2026-07-05 02:45:01,965 - aqt.updater - INFO - updater 139953441954688 Patching /home/runner/work/myMCpp/Qt/6.11.1/gcc_64/lib/pkgconfig/Qt6LabsSynchronizer.pc
2026-07-05 02:45:01,965 - aqt.updater - INFO - updater 139953441954688 Patching /home/runner/work/myMCpp/Qt/6.11.1/gcc_64/lib/pkgconfig/Qt6Qml.pc
2026-07-05 02:45:01,965 - aqt.updater - INFO - updater 139953441954688 Patching /home/runner/work/myMCpp/Qt/6.11.1/gcc_64/lib/pkgconfig/Qt6QuickDialogs2Utils.pc
2026-07-05 02:45:01,965 - aqt.updater - INFO - updater 139953441954688 Patching /home/runner/work/myMCpp/Qt/6.11.1/gcc_64/lib/pkgconfig/Qt6LabsStyleKit.pc
2026-07-05 02:45:01,966 - aqt.updater - INFO - updater 139953441954688 Patching /home/runner/work/myMCpp/Qt/6.11.1/gcc_64/lib/pkgconfig/Qt6QuickTemplates2.pc
2026-07-05 02:45:01,966 - aqt.updater - INFO - updater 139953441954688 Patching /home/runner/work/myMCpp/Qt/6.11.1/gcc_64/lib/pkgconfig/Qt6LabsPlatform.pc
2026-07-05 02:45:01,966 - aqt.updater - INFO - updater 139953441954688 Patching /home/runner/work/myMCpp/Qt/6.11.1/gcc_64/lib/pkgconfig/Qt6UiTools.pc
2026-07-05 02:45:01,966 - aqt.updater - INFO - updater 139953441954688 Patching /home/runner/work/myMCpp/Qt/6.11.1/gcc_64/lib/pkgconfig/Qt6Svg.pc
2026-07-05 02:45:01,967 - aqt.updater - INFO - updater 139953441954688 Patching /home/runner/work/myMCpp/Qt/6.11.1/gcc_64/lib/pkgconfig/Qt6QuickControls2Material.pc
2026-07-05 02:45:01,967 - aqt.updater - INFO - updater 139953441954688 Patching /home/runner/work/myMCpp/Qt/6.11.1/gcc_64/lib/pkgconfig/Qt6Widgets.pc
2026-07-05 02:45:01,967 - aqt.updater - INFO - updater 139953441954688 Patching /home/runner/work/myMCpp/Qt/6.11.1/gcc_64/lib/pkgconfig/Qt6Help.pc
2026-07-05 02:45:01,967 - aqt.updater - INFO - updater 139953441954688 Patching /home/runner/work/myMCpp/Qt/6.11.1/gcc_64/lib/pkgconfig/Qt6Quick.pc
2026-07-05 02:45:01,967 - aqt.updater - INFO - updater 139953441954688 Patching /home/runner/work/myMCpp/Qt/6.11.1/gcc_64/lib/pkgconfig/Qt6LabsSharedImage.pc
2026-07-05 02:45:01,968 - aqt.updater - INFO - updater 139953441954688 Patching /home/runner/work/myMCpp/Qt/6.11.1/gcc_64/lib/pkgconfig/Qt6QmlLocalStorage.pc
2026-07-05 02:45:01,968 - aqt.updater - INFO - updater 139953441954688 Patching /home/runner/work/myMCpp/Qt/6.11.1/gcc_64/lib/pkgconfig/Qt6OpenGL.pc
2026-07-05 02:45:01,969 - aqt.updater - INFO - updater 139953441954688 Patching /home/runner/work/myMCpp/Qt/6.11.1/gcc_64/lib/libQt6LabsSharedImage.prl
2026-07-05 02:45:01,969 - aqt.updater - INFO - updater 139953441954688 Patching /home/runner/work/myMCpp/Qt/6.11.1/gcc_64/lib/libQt6Help.prl
2026-07-05 02:45:01,970 - aqt.updater - INFO - updater 139953441954688 Patching /home/runner/work/myMCpp/Qt/6.11.1/gcc_64/lib/libQt6QuickEffects.prl
2026-07-05 02:45:01,970 - aqt.updater - INFO - updater 139953441954688 Patching /home/runner/work/myMCpp/Qt/6.11.1/gcc_64/lib/libQt6QmlAssetDownloader.prl
2026-07-05 02:45:01,970 - aqt.updater - INFO - updater 139953441954688 Patching /home/runner/work/myMCpp/Qt/6.11.1/gcc_64/lib/libQt6Xml.prl
2026-07-05 02:45:01,970 - aqt.updater - INFO - updater 139953441954688 Patching /home/runner/work/myMCpp/Qt/6.11.1/gcc_64/lib/libQt6EglFsKmsSupport.prl
2026-07-05 02:45:01,970 - aqt.updater - INFO - updater 139953441954688 Patching /home/runner/work/myMCpp/Qt/6.11.1/gcc_64/lib/libQt6QuickShapesDesignHelpers.prl
2026-07-05 02:45:01,971 - aqt.updater - INFO - updater 139953441954688 Patching /home/runner/work/myMCpp/Qt/6.11.1/gcc_64/lib/libQt6QmlXmlListModel.prl
2026-07-05 02:45:01,971 - aqt.updater - INFO - updater 139953441954688 Patching /home/runner/work/myMCpp/Qt/6.11.1/gcc_64/lib/libQt6QuickVectorImageGenerator.prl
2026-07-05 02:45:01,971 - aqt.updater - INFO - updater 139953441954688 Patching /home/runner/work/myMCpp/Qt/6.11.1/gcc_64/lib/libQt6UiTools.prl
2026-07-05 02:45:01,971 - aqt.updater - INFO - updater 139953441954688 Patching /home/runner/work/myMCpp/Qt/6.11.1/gcc_64/lib/libQt6QmlTypeRegistrar.prl
2026-07-05 02:45:01,972 - aqt.updater - INFO - updater 139953441954688 Patching /home/runner/work/myMCpp/Qt/6.11.1/gcc_64/lib/libQt6QuickWidgets.prl
2026-07-05 02:45:01,972 - aqt.updater - INFO - updater 139953441954688 Patching /home/runner/work/myMCpp/Qt/6.11.1/gcc_64/lib/libQt6LabsAnimation.prl
2026-07-05 02:45:01,972 - aqt.updater - INFO - updater 139953441954688 Patching /home/runner/work/myMCpp/Qt/6.11.1/gcc_64/lib/libQt6QmlCore.prl
2026-07-05 02:45:01,972 - aqt.updater - INFO - updater 139953441954688 Patching /home/runner/work/myMCpp/Qt/6.11.1/gcc_64/lib/libQt6InputSupport.prl
2026-07-05 02:45:01,973 - aqt.updater - INFO - updater 139953441954688 Patching /home/runner/work/myMCpp/Qt/6.11.1/gcc_64/lib/libQt6KmsSupport.prl
2026-07-05 02:45:01,973 - aqt.updater - INFO - updater 139953441954688 Patching /home/runner/work/myMCpp/Qt/6.11.1/gcc_64/lib/libQt6QmlLS.prl
2026-07-05 02:45:01,973 - aqt.updater - INFO - updater 139953441954688 Patching /home/runner/work/myMCpp/Qt/6.11.1/gcc_64/lib/libQt6Quick.prl
2026-07-05 02:45:01,973 - aqt.updater - INFO - updater 139953441954688 Patching /home/runner/work/myMCpp/Qt/6.11.1/gcc_64/lib/libQt6DeviceDiscoverySupport.prl
2026-07-05 02:45:01,973 - aqt.updater - INFO - updater 139953441954688 Patching /home/runner/work/myMCpp/Qt/6.11.1/gcc_64/lib/libQt6EglFSDeviceIntegration.prl
2026-07-05 02:45:01,974 - aqt.updater - INFO - updater 139953441954688 Patching /home/runner/work/myMCpp/Qt/6.11.1/gcc_64/lib/libQt6Svg.prl
2026-07-05 02:45:01,974 - aqt.updater - INFO - updater 139953441954688 Patching /home/runner/work/myMCpp/Qt/6.11.1/gcc_64/lib/libQt6QmlNetwork.prl
2026-07-05 02:45:01,974 - aqt.updater - INFO - updater 139953441954688 Patching /home/runner/work/myMCpp/Qt/6.11.1/gcc_64/lib/libQt6LabsFolderListModel.prl
2026-07-05 02:45:01,974 - aqt.updater - INFO - updater 139953441954688 Patching /home/runner/work/myMCpp/Qt/6.11.1/gcc_64/lib/libQt6Gui.prl
2026-07-05 02:45:01,975 - aqt.updater - INFO - updater 139953441954688 Patching /home/runner/work/myMCpp/Qt/6.11.1/gcc_64/lib/libQt6DBus.prl
2026-07-05 02:45:01,975 - aqt.updater - INFO - updater 139953441954688 Patching /home/runner/work/myMCpp/Qt/6.11.1/gcc_64/lib/libQt6OpenGLWidgets.prl
2026-07-05 02:45:01,975 - aqt.updater - INFO - updater 139953441954688 Patching /home/runner/work/myMCpp/Qt/6.11.1/gcc_64/lib/libQt6LabsSettings.prl
2026-07-05 02:45:01,975 - aqt.updater - INFO - updater 139953441954688 Patching /home/runner/work/myMCpp/Qt/6.11.1/gcc_64/lib/libQt6Qml.prl
2026-07-05 02:45:01,975 - aqt.updater - INFO - updater 139953441954688 Patching /home/runner/work/myMCpp/Qt/6.11.1/gcc_64/lib/libQt6QuickControls2Material.prl
2026-07-05 02:45:01,976 - aqt.updater - INFO - updater 139953441954688 Patching /home/runner/work/myMCpp/Qt/6.11.1/gcc_64/lib/libQt6WaylandClient.prl
2026-07-05 02:45:01,976 - aqt.updater - INFO - updater 139953441954688 Patching /home/runner/work/myMCpp/Qt/6.11.1/gcc_64/lib/libQt6LabsStyleKit.prl
2026-07-05 02:45:01,976 - aqt.updater - INFO - updater 139953441954688 Patching /home/runner/work/myMCpp/Qt/6.11.1/gcc_64/lib/libQt6QuickControls2Universal.prl
2026-07-05 02:45:01,976 - aqt.updater - INFO - updater 139953441954688 Patching /home/runner/work/myMCpp/Qt/6.11.1/gcc_64/lib/libQt6QuickDialogs2Utils.prl
2026-07-05 02:45:01,977 - aqt.updater - INFO - updater 139953441954688 Patching /home/runner/work/myMCpp/Qt/6.11.1/gcc_64/lib/libQt6QmlMeta.prl
2026-07-05 02:45:01,977 - aqt.updater - INFO - updater 139953441954688 Patching /home/runner/work/myMCpp/Qt/6.11.1/gcc_64/lib/libQt6QuickControls2UniversalStyleImpl.prl
2026-07-05 02:45:01,977 - aqt.updater - INFO - updater 139953441954688 Patching /home/runner/work/myMCpp/Qt/6.11.1/gcc_64/lib/libQt6PacketProtocol.prl
2026-07-05 02:45:01,977 - aqt.updater - INFO - updater 139953441954688 Patching /home/runner/work/myMCpp/Qt/6.11.1/gcc_64/lib/libQt6QuickControls2Imagine.prl
2026-07-05 02:45:01,977 - aqt.updater - INFO - updater 139953441954688 Patching /home/runner/work/myMCpp/Qt/6.11.1/gcc_64/lib/libQt6QuickDialogs2.prl
2026-07-05 02:45:01,978 - aqt.updater - INFO - updater 139953441954688 Patching /home/runner/work/myMCpp/Qt/6.11.1/gcc_64/lib/libQt6QuickDialogs2QuickImpl.prl
2026-07-05 02:45:01,978 - aqt.updater - INFO - updater 139953441954688 Patching /home/runner/work/myMCpp/Qt/6.11.1/gcc_64/lib/libQt6QuickControls2FluentWinUI3StyleImpl.prl
2026-07-05 02:45:01,978 - aqt.updater - INFO - updater 139953441954688 Patching /home/runner/work/myMCpp/Qt/6.11.1/gcc_64/lib/libQt6Network.prl
2026-07-05 02:45:01,978 - aqt.updater - INFO - updater 139953441954688 Patching /home/runner/work/myMCpp/Qt/6.11.1/gcc_64/lib/libQt6EglFsKmsGbmSupport.prl
2026-07-05 02:45:01,978 - aqt.updater - INFO - updater 139953441954688 Patching /home/runner/work/myMCpp/Qt/6.11.1/gcc_64/lib/libQt6QmlWorkerScript.prl
2026-07-05 02:45:01,979 - aqt.updater - INFO - updater 139953441954688 Patching /home/runner/work/myMCpp/Qt/6.11.1/gcc_64/lib/libQt6QuickControls2MaterialStyleImpl.prl
2026-07-05 02:45:01,979 - aqt.updater - INFO - updater 139953441954688 Patching /home/runner/work/myMCpp/Qt/6.11.1/gcc_64/lib/libQt6Designer.prl
2026-07-05 02:45:01,979 - aqt.updater - INFO - updater 139953441954688 Patching /home/runner/work/myMCpp/Qt/6.11.1/gcc_64/lib/libQt6Test.prl
2026-07-05 02:45:01,979 - aqt.updater - INFO - updater 139953441954688 Patching /home/runner/work/myMCpp/Qt/6.11.1/gcc_64/lib/libQt6QuickControls2FusionStyleImpl.prl
2026-07-05 02:45:01,980 - aqt.updater - INFO - updater 139953441954688 Patching /home/runner/work/myMCpp/Qt/6.11.1/gcc_64/lib/libQt6LabsPlatform.prl
2026-07-05 02:45:01,980 - aqt.updater - INFO - updater 139953441954688 Patching /home/runner/work/myMCpp/Qt/6.11.1/gcc_64/lib/libQt6QuickControls2Basic.prl
2026-07-05 02:45:01,980 - aqt.updater - INFO - updater 139953441954688 Patching /home/runner/work/myMCpp/Qt/6.11.1/gcc_64/lib/libQt6QmlModels.prl
2026-07-05 02:45:01,980 - aqt.updater - INFO - updater 139953441954688 Patching /home/runner/work/myMCpp/Qt/6.11.1/gcc_64/lib/libQt6QuickParticles.prl
2026-07-05 02:45:01,980 - aqt.updater - INFO - updater 139953441954688 Patching /home/runner/work/myMCpp/Qt/6.11.1/gcc_64/lib/libQt6QuickControls2Fusion.prl
2026-07-05 02:45:01,981 - aqt.updater - INFO - updater 139953441954688 Patching /home/runner/work/myMCpp/Qt/6.11.1/gcc_64/lib/libQt6QmlDom.prl
2026-07-05 02:45:01,981 - aqt.updater - INFO - updater 139953441954688 Patching /home/runner/work/myMCpp/Qt/6.11.1/gcc_64/lib/libQt6LabsSynchronizer.prl
2026-07-05 02:45:01,981 - aqt.updater - INFO - updater 139953441954688 Patching /home/runner/work/myMCpp/Qt/6.11.1/gcc_64/lib/libQt6QuickControls2ImagineStyleImpl.prl
2026-07-05 02:45:01,981 - aqt.updater - INFO - updater 139953441954688 Patching /home/runner/work/myMCpp/Qt/6.11.1/gcc_64/lib/libQt6Core.prl
2026-07-05 02:45:01,982 - aqt.updater - INFO - updater 139953441954688 Patching /home/runner/work/myMCpp/Qt/6.11.1/gcc_64/lib/libQt6LabsQmlModels.prl
2026-07-05 02:45:01,982 - aqt.updater - INFO - updater 139953441954688 Patching /home/runner/work/myMCpp/Qt/6.11.1/gcc_64/lib/libQt6WlShellIntegration.prl
2026-07-05 02:45:01,982 - aqt.updater - INFO - updater 139953441954688 Patching /home/runner/work/myMCpp/Qt/6.11.1/gcc_64/lib/libQt6QuickControls2.prl
2026-07-05 02:45:01,982 - aqt.updater - INFO - updater 139953441954688 Patching /home/runner/work/myMCpp/Qt/6.11.1/gcc_64/lib/libQt6QmlFormat.prl
2026-07-05 02:45:01,982 - aqt.updater - INFO - updater 139953441954688 Patching /home/runner/work/myMCpp/Qt/6.11.1/gcc_64/lib/libQt6Widgets.prl
2026-07-05 02:45:01,983 - aqt.updater - INFO - updater 139953441954688 Patching /home/runner/work/myMCpp/Qt/6.11.1/gcc_64/lib/libQt6QuickControlsTestUtils.prl
2026-07-05 02:45:01,983 - aqt.updater - INFO - updater 139953441954688 Patching /home/runner/work/myMCpp/Qt/6.11.1/gcc_64/lib/libQt6QuickShapes.prl
2026-07-05 02:45:01,983 - aqt.updater - INFO - updater 139953441954688 Patching /home/runner/work/myMCpp/Qt/6.11.1/gcc_64/lib/libQt6QuickVectorImage.prl
2026-07-05 02:45:01,983 - aqt.updater - INFO - updater 139953441954688 Patching /home/runner/work/myMCpp/Qt/6.11.1/gcc_64/lib/libQt6QmlLocalStorage.prl
2026-07-05 02:45:01,983 - aqt.updater - INFO - updater 139953441954688 Patching /home/runner/work/myMCpp/Qt/6.11.1/gcc_64/lib/libQt6PrintSupport.prl
2026-07-05 02:45:01,984 - aqt.updater - INFO - updater 139953441954688 Patching /home/runner/work/myMCpp/Qt/6.11.1/gcc_64/lib/libQt6Sql.prl
2026-07-05 02:45:01,984 - aqt.updater - INFO - updater 139953441954688 Patching /home/runner/work/myMCpp/Qt/6.11.1/gcc_64/lib/libQt6OpenGL.prl
2026-07-05 02:45:01,984 - aqt.updater - INFO - updater 139953441954688 Patching /home/runner/work/myMCpp/Qt/6.11.1/gcc_64/lib/libQt6QuickTest.prl
2026-07-05 02:45:01,984 - aqt.updater - INFO - updater 139953441954688 Patching /home/runner/work/myMCpp/Qt/6.11.1/gcc_64/lib/libQt6SvgWidgets.prl
2026-07-05 02:45:01,985 - aqt.updater - INFO - updater 139953441954688 Patching /home/runner/work/myMCpp/Qt/6.11.1/gcc_64/lib/libQt6Concurrent.prl
2026-07-05 02:45:01,985 - aqt.updater - INFO - updater 139953441954688 Patching /home/runner/work/myMCpp/Qt/6.11.1/gcc_64/lib/libQt6QuickControls2Impl.prl
2026-07-05 02:45:01,985 - aqt.updater - INFO - updater 139953441954688 Patching /home/runner/work/myMCpp/Qt/6.11.1/gcc_64/lib/libQt6QuickVectorImageHelpers.prl
2026-07-05 02:45:01,985 - aqt.updater - INFO - updater 139953441954688 Patching /home/runner/work/myMCpp/Qt/6.11.1/gcc_64/lib/libQt6LabsStyleKitImpl.prl
2026-07-05 02:45:01,985 - aqt.updater - INFO - updater 139953441954688 Patching /home/runner/work/myMCpp/Qt/6.11.1/gcc_64/lib/libQt6LabsWavefrontMesh.prl
2026-07-05 02:45:01,986 - aqt.updater - INFO - updater 139953441954688 Patching /home/runner/work/myMCpp/Qt/6.11.1/gcc_64/lib/libQt6XcbQpa.prl
2026-07-05 02:45:01,986 - aqt.updater - INFO - updater 139953441954688 Patching /home/runner/work/myMCpp/Qt/6.11.1/gcc_64/lib/libQt6QmlDebug.prl
2026-07-05 02:45:01,986 - aqt.updater - INFO - updater 139953441954688 Patching /home/runner/work/myMCpp/Qt/6.11.1/gcc_64/lib/libQt6QuickControls2BasicStyleImpl.prl
2026-07-05 02:45:01,986 - aqt.updater - INFO - updater 139953441954688 Patching /home/runner/work/myMCpp/Qt/6.11.1/gcc_64/lib/libQt6QmlCompiler.prl
2026-07-05 02:45:01,986 - aqt.updater - INFO - updater 139953441954688 Patching /home/runner/work/myMCpp/Qt/6.11.1/gcc_64/lib/libQt6DesignerComponents.prl
2026-07-05 02:45:01,987 - aqt.updater - INFO - updater 139953441954688 Patching /home/runner/work/myMCpp/Qt/6.11.1/gcc_64/lib/libQt6QuickTestUtils.prl
2026-07-05 02:45:01,987 - aqt.updater - INFO - updater 139953441954688 Patching /home/runner/work/myMCpp/Qt/6.11.1/gcc_64/lib/libQt6QuickLayouts.prl
2026-07-05 02:45:01,987 - aqt.updater - INFO - updater 139953441954688 Patching /home/runner/work/myMCpp/Qt/6.11.1/gcc_64/lib/libQt6QmlToolingSettings.prl
2026-07-05 02:45:01,987 - aqt.updater - INFO - updater 139953441954688 Patching /home/runner/work/myMCpp/Qt/6.11.1/gcc_64/lib/libQt6FbSupport.prl
2026-07-05 02:45:01,987 - aqt.updater - INFO - updater 139953441954688 Patching /home/runner/work/myMCpp/Qt/6.11.1/gcc_64/lib/libQt6QuickTemplates2.prl
2026-07-05 02:45:01,988 - aqt.main - INFO - installer 139953441954688 Finished installation
2026-07-05 02:45:01,988 - aqt.main - INFO - installer 139953441954688 Time elapsed: 16.50614910 second
